--
-- no superuser check
--
SET client_min_messages = error;
DROP ROLE IF EXISTS nosuper;
SET client_min_messages = warning;
CREATE ROLE nosuper WITH LOGIN;
-- => OK
\! pg_repack --dbname=contrib_regression --table=tbl_cluster --no-superuser-check
INFO: repacking table "public.tbl_cluster"
-- => ERROR
\! pg_repack --dbname=contrib_regression --table=tbl_cluster --username=nosuper
ERROR: pg_repack failed with error: You must be a superuser to use pg_repack
-- => ERROR
\! pg_repack --dbname=contrib_regression --table=tbl_cluster --username=nosuper --no-superuser-check
ERROR: pg_repack failed with error: ERROR:  permission denied for schema repack_alter
LINE 1: select repack_alter.version(), repack_alter.version_sql()
               ^
GRANT ALL ON ALL TABLES IN SCHEMA repack_alter TO nosuper;
GRANT USAGE ON SCHEMA repack_alter TO nosuper;
-- => ERROR
\! pg_repack --dbname=contrib_regression --table=tbl_cluster --username=nosuper --no-superuser-check
INFO: repacking table "public.tbl_cluster"
WARNING: lock_exclusive() failed for public.tbl_cluster
ERROR:  permission denied for table tbl_cluster
REVOKE ALL ON ALL TABLES IN SCHEMA repack_alter FROM nosuper;
REVOKE USAGE ON SCHEMA repack_alter FROM nosuper;
DROP ROLE IF EXISTS nosuper;
